// Jest Snapshot v1, https://goo.gl/fbAQLP

exports[`Testing ToDoForm (snapshot) 1`] = `
<div>
  Loading...
</div>
`;
